Microchip MPLAB XC8 Compiler V2.45

Linker command line:

-W-3 \
  --edf=C:\Program Files\Microchip\xc8\v2.45\pic\dat\20230818022343_en.msgs \
  -cn -h+dist/default/production\Calcuater.X.production.sym \
  --cmf=dist/default/production\Calcuater.X.production.cmf -z -Q18F4620 \
  -oC:\Users\laphouse\AppData\Local\Temp\xcAs4jg.\driver_tmp_3.o \
  --defsym=__MPLAB_BUILD=1 --fixupoverflow=error \
  -Mdist/default/production/Calcuater.X.production.map \
  --md=C:\Users\laphouse\AppData\Local\Temp\xcAs4jg.\driver_tmp_0.dat -E1 \
  -ver=XC8 Compiler --acfsm=1493 -ACODE=00h-0FFFFh -ACONST=00h-0FFFFh \
  -ASMALLCONST=01000h-010FFhx240 -AMEDIUMCONST=01000h-0FFFFh \
  -ACOMRAM=01h-07Fh -AABS1=00h-0F7Fh -ABIGRAM=01h-0F7Fh \
  -ARAM=080h-0FFh,0100h-01FFhx14,0F00h-0F7Fh -ABANK0=080h-0FFh \
  -ABANK1=0100h-01FFh -ABANK2=0200h-02FFh -ABANK3=0300h-03FFh \
  -ABANK4=0400h-04FFh -ABANK5=0500h-05FFh -ABANK6=0600h-06FFh \
  -ABANK7=0700h-07FFh -ABANK8=0800h-08FFh -ABANK9=0900h-09FFh \
  -ABANK10=0A00h-0AFFh -ABANK11=0B00h-0BFFh -ABANK12=0C00h-0CFFh \
  -ABANK13=0D00h-0DFFh -ABANK14=0E00h-0EFFh -ABANK15=0F00h-0F7Fh \
  -ASFR=0F80h-0FFFh -ABIGSFR=0F80h-0FFFh -ACONFIG=0300000h-030000Dh \
  -AIDLOC=0200000h-0200007h -AEEDATA=0F00000h-0F003FFh -peeprom_data=EEDATA \
  -preset_vec=00h,intcode,intcodelo,powerup,init -pramtop=01000h \
  -psmallconst=SMALLCONST -pmediumconst=MEDIUMCONST -pconst=CONST \
  -AFARRAM=00h-00h \
  -prdata=COMRAM,nvrram=COMRAM,nvbit=COMRAM,rbss=COMRAM,rbit=COMRAM \
  -pfarbss=FARRAM,fardata=FARRAM,nvFARRAM=FARRAM \
  -pintsave_regs=BIGRAM,bigbss=BIGRAM,bigdata=BIGRAM -pbss=RAM \
  -pidata=CODE,irdata=CODE,ibigdata=CODE,ifardata=CODE -prparam=COMRAM \
  C:\Users\laphouse\AppData\Local\Temp\xcAs4jg.\driver_tmp_14.o \
  dist/default/production\Calcuater.X.production.o 

Object code version is 3.11

Machine type is 18F4620



                Name                               Link     Load   Length Selector   Space Scale
C:\Users\laphouse\AppData\Local\Temp\xcAs4jg.\driver_tmp_14.o
                init                                  0        0        4        0       0
dist/default/production\Calcuater.X.production.o
                smallconst                         1000     1000       16      800       0
                text30                             23EE     23EE       30      80B       0
                text29                             1990     1990       C4      80B       0
                text28                             1B04     1B04       B0      80B       0
                text27                             23BA     23BA       34      80B       0
                text26                             245E     245E        2      80B       0
                text25                             1BB4     1BB4       AA      80B       0
                text24                             14C4     14C4      1B8      80B       0
                text23                             230C     230C       3E      80B       0
                text22                             2386     2386       34      80B       0
                text21                             1DA4     1DA4       9E      80B       0
                text20                             17A2     17A2      110      80B       0
                text19                             22CE     22CE       3E      80B       0
                text18                             1F3E     1F3E       76      80B       0
                text17                             2130     2130       5C      80B       0
                text16                             1EC8     1EC8       76      80B       0
                text15                             1A54     1A54       B0      80B       0
                text14                             223C     223C       4C      80B       0
                text13                             2288     2288       46      80B       0
                text12                             1C5E     1C5E       A4      80B       0
                text11                             18B2     18B2       DE      80B       0
                text10                             2016     2016       60      80B       0
                text9                              20D4     20D4       5C      80B       0
                text8                              1D02     1D02       A2      80B       0
                text7                              2076     2076       5E      80B       0
                text6                              167C     167C      126      80B       0
                text5                              1E42     1E42       86      80B       0
                text4                              1274     1274      250      80B       0
                text3                              234A     234A       3C      80B       0
                text2                              21E4     21E4       58      80B       0
                text1                              218C     218C       58      80B       0
                text0                              1016     1016      25E      80B       0
                cstackCOMRAM                          1        1       43        1       1
                dataBANK0                            B5       B5       24       80       1
                bssBANK0                             80       80       35       80       1
                dataCOMRAM                           62       62       1C        1       1
                bssCOMRAM                            44       44       1E        1       1
                cinit                              1FB4     1FB4       62      80B       0
                nvCOMRAM                             7E       7E        2        1       1
                idataBANK0                         241E     241E       24      80B       0
                idataCOMRAM                        2442     2442       1C      80B       0

TOTAL           Name                               Link     Load   Length     Space
        CLASS   CODE           
                init                                  0        0        4         0
                text30                             23EE     23EE       30         0
                text29                             1990     1990       C4         0
                text28                             1B04     1B04       B0         0
                text27                             23BA     23BA       34         0
                text26                             245E     245E        2         0
                text25                             1BB4     1BB4       AA         0
                text24                             14C4     14C4      1B8         0
                text23                             230C     230C       3E         0
                text22                             2386     2386       34         0
                text21                             1DA4     1DA4       9E         0
                text20                             17A2     17A2      110         0
                text19                             22CE     22CE       3E         0
                text18                             1F3E     1F3E       76         0
                text17                             2130     2130       5C         0
                text16                             1EC8     1EC8       76         0
                text15                             1A54     1A54       B0         0
                text14                             223C     223C       4C         0
                text13                             2288     2288       46         0
                text12                             1C5E     1C5E       A4         0
                text11                             18B2     18B2       DE         0
                text10                             2016     2016       60         0
                text9                              20D4     20D4       5C         0
                text8                              1D02     1D02       A2         0
                text7                              2076     2076       5E         0
                text6                              167C     167C      126         0
                text5                              1E42     1E42       86         0
                text4                              1274     1274      250         0
                text3                              234A     234A       3C         0
                text2                              21E4     21E4       58         0
                text1                              218C     218C       58         0
                text0                              1016     1016      25E         0
                cinit                              1FB4     1FB4       62         0
                idataBANK0                         241E     241E       24         0
                idataCOMRAM                        2442     2442       1C         0

        CLASS   CONST          

        CLASS   SMALLCONST     
                smallconst                         1000     1000       16         0

        CLASS   MEDIUMCONST    

        CLASS   COMRAM         
                cstackCOMRAM                          1        1       43         1
                dataCOMRAM                           62       62       1C         1
                bssCOMRAM                            44       44       1E         1
                nvCOMRAM                             7E       7E        2         1

        CLASS   ABS1           

        CLASS   BIGRAM         

        CLASS   RAM            

        CLASS   BANK0          
                dataBANK0                            B5       B5       24         1
                bssBANK0                             80       80       35         1

        CLASS   BANK1          

        CLASS   BANK2          

        CLASS   BANK3          

        CLASS   BANK4          

        CLASS   BANK5          

        CLASS   BANK6          

        CLASS   BANK7          

        CLASS   BANK8          

        CLASS   BANK9          

        CLASS   BANK10         

        CLASS   BANK11         

        CLASS   BANK12         

        CLASS   BANK13         

        CLASS   BANK14         

        CLASS   BANK15         

        CLASS   SFR            

        CLASS   BIGSFR         

        CLASS   CONFIG         

        CLASS   IDLOC          

        CLASS   EEDATA         

        CLASS   FARRAM         

        CLASS   HEAP           

        CLASS   STACK          



SEGMENTS        Name                           Load    Length   Top    Selector   Space  Class

                reset_vec                      000000  000004  000004         0       0  CODE    
                cstackCOMRAM                   000001  00007F  000080         1       1  COMRAM  
                bssBANK0                       000080  000059  0000D9        80       1  BANK0   
                smallconst                     001000  000016  001016       800       0  SMALLCON
                text0                          001016  00144A  002460       80B       0  CODE    


UNUSED ADDRESS RANGES

        Name                Unused          Largest block    Delta
        BANK0            00D9-00FF             27
        BANK1            0100-01FF            100
        BANK10           0A00-0AFF            100
        BANK11           0B00-0BFF            100
        BANK12           0C00-0CFF            100
        BANK13           0D00-0DFF            100
        BANK14           0E00-0EFF            100
        BANK15           0F00-0F7F             80
        BANK2            0200-02FF            100
        BANK3            0300-03FF            100
        BANK4            0400-04FF            100
        BANK5            0500-05FF            100
        BANK6            0600-06FF            100
        BANK7            0700-07FF            100
        BANK8            0800-08FF            100
        BANK9            0900-09FF            100
        BIGRAM           00D9-0F7F            EA7
        BIGSFR           0F80-0FFF             80
        CODE             0004-0FFF            FFC
                         2460-FFFF           DBA0
        CONFIG           300000-30000D              E
        CONST            0004-0FFF            FFC
                         2460-FFFF           DBA0
        EEDATA           F00000-F003FF            400
        IDLOC            200000-200007              8
        MEDIUMCONST      2460-FFFF           DBA0
        RAM              00D9-0F7F            100
        SFR              0F80-0FFF             80
        SMALLCONST       2460-FFFF            100

                                  Symbol Table

?___awdiv                            cstackCOMRAM 0001
?___awmod                            cstackCOMRAM 0001
?_abs                                cstackCOMRAM 0007
?_sprintf                            cstackCOMRAM 001A
?_vfprintf                           cstackCOMRAM 0016
_LATA                                (abs)        0F89
_LATB                                (abs)        0F8A
_LATC                                (abs)        0F8B
_LATD                                (abs)        0F8C
_LATE                                (abs)        0F8D
_PORTA                               (abs)        0F80
_PORTB                               (abs)        0F81
_PORTC                               (abs)        0F82
_PORTD                               (abs)        0F83
_PORTE                               (abs)        0F84
_TRISA                               (abs)        0F92
_TRISB                               (abs)        0F93
_TRISC                               (abs)        0F94
_TRISD                               (abs)        0F95
_TRISE                               (abs)        0F96
__HRAM                               (abs)        0000
__H__absolute__                      __absolute__ 0000
__Habs1                              abs1         0000
__Hbank0                             bank0        0000
__Hbank1                             bank1        0000
__Hbank10                            bank10       0000
__Hbank11                            bank11       0000
__Hbank12                            bank12       0000
__Hbank13                            bank13       0000
__Hbank14                            bank14       0000
__Hbank15                            bank15       0000
__Hbank2                             bank2        0000
__Hbank3                             bank3        0000
__Hbank4                             bank4        0000
__Hbank5                             bank5        0000
__Hbank6                             bank6        0000
__Hbank7                             bank7        0000
__Hbank8                             bank8        0000
__Hbank9                             bank9        0000
__Hbigbss                            bigbss       0000
__Hbigdata                           bigdata      0000
__Hbigram                            bigram       0000
__Hbigsfr                            bigsfr       0000
__Hbss                               bss          0000
__HbssBANK0                          bssBANK0     0000
__HbssCOMRAM                         bssCOMRAM    0000
__Hcinit                             cinit        0000
__Hclrtext                           clrtext      0000
__Hcomram                            comram       0000
__Hconfig                            config       0000
__Hconst                             const        0000
__HcstackCOMRAM                      cstackCOMRAM 0000
__Hdata                              data         0000
__HdataBANK0                         dataBANK0    0000
__HdataCOMRAM                        dataCOMRAM   0000
__Heeprom_data                       eeprom_data  0000
__Hfarbss                            farbss       0000
__Hfardata                           fardata      0000
__Hheap                              heap         0000
__Hibigdata                          ibigdata     0000
__Hidata                             idata        0000
__HidataBANK0                        idataBANK0   0000
__HidataCOMRAM                       idataCOMRAM  0000
__Hidloc                             idloc        0000
__Hifardata                          ifardata     0000
__Hinit                              init         0004
__Hintcode                           intcode      0000
__Hintcode_body                      intcode_body 0000
__Hintcodelo                         intcodelo    0000
__Hintentry                          intentry     0000
__Hintret                            intret       0000
__Hintsave_regs                      intsave_regs 0000
__Hirdata                            irdata       0000
__Hmediumconst                       mediumconst  0000
__HnvCOMRAM                          nvCOMRAM     0000
__HnvFARRAM                          nvFARRAM     0000
__Hnvbit                             nvbit        0000
__Hnvrram                            nvrram       0000
__Hparam                             rparam       0000
__Hpowerup                           powerup      0000
__Hram                               ram          0000
__Hramtop                            ramtop       1000
__Hrbit                              rbit         0000
__Hrbss                              rbss         0000
__Hrdata                             rdata        0000
__Hreset_vec                         reset_vec    0000
__Hrparam                            rparam       0000
__Hsfr                               sfr          0000
__Hsmallconst                        smallconst   1016
__Hspace_0                           (abs)        2460
__Hspace_1                           (abs)        00D9
__Hspace_2                           (abs)        0000
__Hspace_4                           (abs)        0000
__Hstack                             stack        0000
__Hstruct                            struct       0000
__Htemp                              temp         0000
__Htext                              text         0000
__Htext0                             text0        0000
__Htext1                             text1        0000
__Htext10                            text10       0000
__Htext11                            text11       0000
__Htext12                            text12       0000
__Htext13                            text13       0000
__Htext14                            text14       0000
__Htext15                            text15       0000
__Htext16                            text16       0000
__Htext17                            text17       0000
__Htext18                            text18       0000
__Htext19                            text19       0000
__Htext2                             text2        0000
__Htext20                            text20       0000
__Htext21                            text21       0000
__Htext22                            text22       0000
__Htext23                            text23       0000
__Htext24                            text24       0000
__Htext25                            text25       0000
__Htext26                            text26       0000
__Htext27                            text27       0000
__Htext28                            text28       0000
__Htext29                            text29       0000
__Htext3                             text3        0000
__Htext30                            text30       0000
__Htext4                             text4        0000
__Htext5                             text5        0000
__Htext6                             text6        0000
__Htext7                             text7        0000
__Htext8                             text8        0000
__Htext9                             text9        0000
__LRAM                               (abs)        0001
__L__absolute__                      __absolute__ 0000
__Labs1                              abs1         0000
__Lbank0                             bank0        0000
__Lbank1                             bank1        0000
__Lbank10                            bank10       0000
__Lbank11                            bank11       0000
__Lbank12                            bank12       0000
__Lbank13                            bank13       0000
__Lbank14                            bank14       0000
__Lbank15                            bank15       0000
__Lbank2                             bank2        0000
__Lbank3                             bank3        0000
__Lbank4                             bank4        0000
__Lbank5                             bank5        0000
__Lbank6                             bank6        0000
__Lbank7                             bank7        0000
__Lbank8                             bank8        0000
__Lbank9                             bank9        0000
__Lbigbss                            bigbss       0000
__Lbigdata                           bigdata      0000
__Lbigram                            bigram       0000
__Lbigsfr                            bigsfr       0000
__Lbss                               bss          0000
__LbssBANK0                          bssBANK0     0000
__LbssCOMRAM                         bssCOMRAM    0000
__Lcinit                             cinit        0000
__Lclrtext                           clrtext      0000
__Lcomram                            comram       0000
__Lconfig                            config       0000
__Lconst                             const        0000
__LcstackCOMRAM                      cstackCOMRAM 0000
__Ldata                              data         0000
__LdataBANK0                         dataBANK0    0000
__LdataCOMRAM                        dataCOMRAM   0000
__Leeprom_data                       eeprom_data  0000
__Lfarbss                            farbss       0000
__Lfardata                           fardata      0000
__Lheap                              heap         0000
__Libigdata                          ibigdata     0000
__Lidata                             idata        0000
__LidataBANK0                        idataBANK0   0000
__LidataCOMRAM                       idataCOMRAM  0000
__Lidloc                             idloc        0000
__Lifardata                          ifardata     0000
__Linit                              init         0000
__Lintcode                           intcode      0000
__Lintcode_body                      intcode_body 0000
__Lintcodelo                         intcodelo    0000
__Lintentry                          intentry     0000
__Lintret                            intret       0000
__Lintsave_regs                      intsave_regs 0000
__Lirdata                            irdata       0000
__Lmediumconst                       mediumconst  0000
__LnvCOMRAM                          nvCOMRAM     0000
__LnvFARRAM                          nvFARRAM     0000
__Lnvbit                             nvbit        0000
__Lnvrram                            nvrram       0000
__Lparam                             rparam       0000
__Lpowerup                           powerup      0000
__Lram                               ram          0000
__Lramtop                            ramtop       1000
__Lrbit                              rbit         0000
__Lrbss                              rbss         0000
__Lrdata                             rdata        0000
__Lreset_vec                         reset_vec    0000
__Lrparam                            rparam       0000
__Lsfr                               sfr          0000
__Lsmallconst                        smallconst   1000
__Lspace_0                           (abs)        0000
__Lspace_1                           (abs)        0000
__Lspace_2                           (abs)        0000
__Lspace_4                           (abs)        0000
__Lstack                             stack        0000
__Lstruct                            struct       0000
__Ltemp                              temp         0000
__Ltext                              text         0000
__Ltext0                             text0        0000
__Ltext1                             text1        0000
__Ltext10                            text10       0000
__Ltext11                            text11       0000
__Ltext12                            text12       0000
__Ltext13                            text13       0000
__Ltext14                            text14       0000
__Ltext15                            text15       0000
__Ltext16                            text16       0000
__Ltext17                            text17       0000
__Ltext18                            text18       0000
__Ltext19                            text19       0000
__Ltext2                             text2        0000
__Ltext20                            text20       0000
__Ltext21                            text21       0000
__Ltext22                            text22       0000
__Ltext23                            text23       0000
__Ltext24                            text24       0000
__Ltext25                            text25       0000
__Ltext26                            text26       0000
__Ltext27                            text27       0000
__Ltext28                            text28       0000
__Ltext29                            text29       0000
__Ltext3                             text3        0000
__Ltext30                            text30       0000
__Ltext4                             text4        0000
__Ltext5                             text5        0000
__Ltext6                             text6        0000
__Ltext7                             text7        0000
__Ltext8                             text8        0000
__Ltext9                             text9        0000
__S0                                 (abs)        2460
__S1                                 (abs)        00D9
__S4                                 (abs)        0000
__S5                                 (abs)        0000
___awdiv                             text29       1990
___awdiv@counter                     cstackCOMRAM 0005
___awdiv@dividend                    cstackCOMRAM 0001
___awdiv@divisor                     cstackCOMRAM 0003
___awdiv@quotient                    cstackCOMRAM 0007
___awdiv@sign                        cstackCOMRAM 0006
___awmod                             text28       1B04
___awmod@counter                     cstackCOMRAM 0005
___awmod@dividend                    cstackCOMRAM 0001
___awmod@divisor                     cstackCOMRAM 0003
___awmod@sign                        cstackCOMRAM 0006
___heap_hi                           (abs)        0000
___heap_lo                           (abs)        0000
___inthi_sp                          stack        0000
___inthi_stack_hi                    stack        0000
___inthi_stack_lo                    stack        0000
___intlo_sp                          stack        0000
___intlo_stack_hi                    stack        0000
___intlo_stack_lo                    stack        0000
___lbdiv                             text9        20D4
___lbdiv@counter                     cstackCOMRAM 0003
___lbdiv@dividend                    cstackCOMRAM 0002
___lbdiv@divisor                     cstackCOMRAM 0001
___lbdiv@quotient                    cstackCOMRAM 0004
___param_bank                        (abs)        0000
___rparam_used                       (abs)        0001
___sp                                stack        0000
___stack_hi                          stack        0000
___stack_lo                          stack        0000
__accesstop                          (abs)        0080
__activetblptr                       (abs)        0002
__end_of___awdiv                     text29       1A54
__end_of___awmod                     text28       1BB4
__end_of___lbdiv                     text9        2130
__end_of__initialization             cinit        200C
__end_of_abs                         text27       23EE
__end_of_add_two_numbers             text13       22CE
__end_of_btn_values                  smallconst   1011
__end_of_clear_lcd                   text10       2076
__end_of_convert_uint32_to_string    text8        1DA4
__end_of_convert_uint8_to_string     text21       1E42
__end_of_div_two_numbers             text7        20D4
__end_of_fputc                       text25       1C5E
__end_of_gpio_pin_direction_init     text6        17A2
__end_of_gpio_pin_read_logic         text12       1D02
__end_of_gpio_pin_write_logic        text20       18B2
__end_of_keypad_get_value            text11       1990
__end_of_keypad_init                 text5        1EC8
__end_of_lcd_8bit_init               text4        14C4
__end_of_lcd_8bit_send_char_data     text18       1FB4
__end_of_lcd_8bit_send_char_data_pos text3        2386
__end_of_lcd_8bit_send_command       text16       1F3E
__end_of_lcd_8bit_send_enable        text19       230C
__end_of_lcd_8bit_send_string        text17       218C
__end_of_lcd_8bit_send_string_pos    text14       2288
__end_of_lcd_8bit_set_cursor         text15       1B04
__end_of_main                        text0        1274
__end_of_memset                      text30       241E
__end_of_mult_two_numbers            text2        223C
__end_of_putch                       text26       2460
__end_of_sprintf                     text22       23BA
__end_of_sub_two_numbers             text1        21E4
__end_of_vfpfcnvrt                   text24       167C
__end_of_vfprintf                    text23       234A
__initialization                     cinit        1FB4
__mediumconst                        mediumconst  0000
__pbssBANK0                          bssBANK0     0080
__pbssCOMRAM                         bssCOMRAM    0044
__pcinit                             cinit        1FB4
__pcstackCOMRAM                      cstackCOMRAM 0001
__pdataBANK0                         dataBANK0    00B5
__pdataCOMRAM                        dataCOMRAM   0062
__pidataBANK0                        idataBANK0   241E
__pidataCOMRAM                       idataCOMRAM  2442
__pnvCOMRAM                          nvCOMRAM     007E
__psmallconst                        smallconst   1000
__ptext0                             text0        1016
__ptext1                             text1        218C
__ptext10                            text10       2016
__ptext11                            text11       18B2
__ptext12                            text12       1C5E
__ptext13                            text13       2288
__ptext14                            text14       223C
__ptext15                            text15       1A54
__ptext16                            text16       1EC8
__ptext17                            text17       2130
__ptext18                            text18       1F3E
__ptext19                            text19       22CE
__ptext2                             text2        21E4
__ptext20                            text20       17A2
__ptext21                            text21       1DA4
__ptext22                            text22       2386
__ptext23                            text23       230C
__ptext24                            text24       14C4
__ptext25                            text25       1BB4
__ptext26                            text26       245E
__ptext27                            text27       23BA
__ptext28                            text28       1B04
__ptext29                            text29       1990
__ptext3                             text3        234A
__ptext30                            text30       23EE
__ptext4                             text4        1274
__ptext5                             text5        1E42
__ptext6                             text6        167C
__ptext7                             text7        2076
__ptext8                             text8        1D02
__ptext9                             text9        20D4
__ramtop                             ramtop       1000
__smallconst                         smallconst   1000
_abs                                 text27       23BA
_add_two_numbers                     text13       2288
_asignment                           bssCOMRAM    005D
_btn_values                          smallconst   1001
_clear_lcd                           text10       2016
_convert_uint32_to_string            text8        1D02
_convert_uint8_to_string             text21       1DA4
_dbuf                                bssBANK0     0080
_div_two_numbers                     text7        2076
_first_digit1                        nvCOMRAM     007F
_first_digit2                        bssCOMRAM    0060
_flags                               bssCOMRAM    004A
_fputc                               text25       1BB4
_gpio_pin_direction_init             text6        167C
_gpio_pin_read_logic                 text12       1C5E
_gpio_pin_write_logic                text20       17A2
_keybad_value                        bssCOMRAM    004D
_keypad_get_value                    text11       18B2
_keypad_init                         text5        1E42
_keypad_obj                          dataCOMRAM   0076
_lat_reg                             dataCOMRAM   0062
_lcd_8bit_init                       text4        1274
_lcd_8bit_send_char_data             text18       1F3E
_lcd_8bit_send_char_data_pos         text3        234A
_lcd_8bit_send_command               text16       1EC8
_lcd_8bit_send_enable                text19       22CE
_lcd_8bit_send_string                text17       2130
_lcd_8bit_send_string_pos            text14       223C
_lcd_8bit_set_cursor                 text15       1A54
_lcd_obj                             dataCOMRAM   006C
_main                                text0        1016
_memset                              text30       23EE
_mult_two_numbers                    text2        21E4
_on_off                              bssCOMRAM    005C
_operator                            bssCOMRAM    005E
_port_reg                            dataBANK0    00C5
_prec                                bssCOMRAM    0046
_putch                               text26       245E
_result                              bssCOMRAM    0048
_ret                                 nvCOMRAM     007E
_retpad                              bssCOMRAM    004B
_second_digit1                       bssCOMRAM    0061
_second_digit2                       bssCOMRAM    005F
_sprintf                             text22       2386
_str                                 bssCOMRAM    004E
_sub_two_numbers                     text1        218C
_tris_reg                            dataBANK0    00CF
_value                               bssCOMRAM    004C
_vfpfcnvrt                           text24       14C4
_vfprintf                            text23       230C
_width                               bssCOMRAM    0044
abs@a                                cstackCOMRAM 0007
add_two_numbers@first_number         cstackCOMRAM 0035
add_two_numbers@second_number        cstackCOMRAM 0036
convert_uint32_to_string@DataCounter cstackCOMRAM 003E
convert_uint32_to_string@Temp_String cstackCOMRAM 0032
convert_uint32_to_string@ret         cstackCOMRAM 003D
convert_uint32_to_string@str         cstackCOMRAM 0031
convert_uint32_to_string@value       cstackCOMRAM 002D
convert_uint8_to_string@DataCounter  cstackCOMRAM 0034
convert_uint8_to_string@Temp_String  cstackCOMRAM 002E
convert_uint8_to_string@ret          cstackCOMRAM 0033
convert_uint8_to_string@str          cstackCOMRAM 002D
convert_uint8_to_string@value        cstackCOMRAM 0032
div_two_numbers@first_number         cstackCOMRAM 0040
div_two_numbers@second_number        cstackCOMRAM 0041
end_of_initialization                cinit        200C
fputc@c                              cstackCOMRAM 0001
fputc@fp                             cstackCOMRAM 0003
gpio_pin_direction_init@_pin_config  cstackCOMRAM 0001
gpio_pin_direction_init@ret          cstackCOMRAM 0007
gpio_pin_read_logic@_pin_config      cstackCOMRAM 0001
gpio_pin_read_logic@logic            cstackCOMRAM 0002
gpio_pin_read_logic@ret              cstackCOMRAM 0007
gpio_pin_write_logic@_pin_config     cstackCOMRAM 0001
gpio_pin_write_logic@logic           cstackCOMRAM 0002
gpio_pin_write_logic@ret             cstackCOMRAM 0008
intlevel0                            text         0000
intlevel1                            text         0000
intlevel2                            text         0000
intlevel3                            text         0000
isa$std                              (abs)        0001
isa$xinst                            (abs)        0000
keypad_get_value@c_counter           cstackCOMRAM 0010
keypad_get_value@col_logic           cstackCOMRAM 000D
keypad_get_value@keypad_obj          cstackCOMRAM 0009
keypad_get_value@l_counter           cstackCOMRAM 000E
keypad_get_value@r_counter           cstackCOMRAM 000F
keypad_get_value@ret                 cstackCOMRAM 000C
keypad_get_value@value               cstackCOMRAM 000A
keypad_init@c_counter                cstackCOMRAM 000B
keypad_init@keypad_obj               cstackCOMRAM 0009
keypad_init@r_counter                cstackCOMRAM 000C
keypad_init@ret                      cstackCOMRAM 000A
keypad_u8check_press@F3072           dataBANK0    00B5
lcd_8bit_init@lcd                    cstackCOMRAM 0011
lcd_8bit_init@ret                    cstackCOMRAM 0013
lcd_8bit_send_char_data@count        cstackCOMRAM 0010
lcd_8bit_send_char_data@data         cstackCOMRAM 000C
lcd_8bit_send_char_data@lcd          cstackCOMRAM 000B
lcd_8bit_send_char_data@ret          cstackCOMRAM 000F
lcd_8bit_send_char_data_pos@col      cstackCOMRAM 0019
lcd_8bit_send_char_data_pos@data     cstackCOMRAM 001A
lcd_8bit_send_char_data_pos@lcd      cstackCOMRAM 0017
lcd_8bit_send_char_data_pos@ret      cstackCOMRAM 001B
lcd_8bit_send_char_data_pos@row      cstackCOMRAM 0018
lcd_8bit_send_command@command        cstackCOMRAM 000C
lcd_8bit_send_command@count          cstackCOMRAM 0010
lcd_8bit_send_command@lcd            cstackCOMRAM 000B
lcd_8bit_send_command@ret            cstackCOMRAM 000F
lcd_8bit_send_enable@lcd             cstackCOMRAM 0009
lcd_8bit_send_enable@ret             cstackCOMRAM 000A
lcd_8bit_send_string@lcd             cstackCOMRAM 0011
lcd_8bit_send_string@ret             cstackCOMRAM 0013
lcd_8bit_send_string@str             cstackCOMRAM 0012
lcd_8bit_send_string_pos@col         cstackCOMRAM 0019
lcd_8bit_send_string_pos@lcd         cstackCOMRAM 0017
lcd_8bit_send_string_pos@ret         cstackCOMRAM 001B
lcd_8bit_send_string_pos@row         cstackCOMRAM 0018
lcd_8bit_send_string_pos@str         cstackCOMRAM 001A
lcd_8bit_set_cursor@column           cstackCOMRAM 0013
lcd_8bit_set_cursor@lcd              cstackCOMRAM 0011
lcd_8bit_set_cursor@ret              cstackCOMRAM 0016
lcd_8bit_set_cursor@row              cstackCOMRAM 0012
memset@c                             cstackCOMRAM 0002
memset@dest                          cstackCOMRAM 0001
memset@n                             cstackCOMRAM 0004
memset@p                             cstackCOMRAM 0006
mult_two_numbers@first_number        cstackCOMRAM 003F
mult_two_numbers@second_number       cstackCOMRAM 0040
sprintf@ap                           cstackCOMRAM 0020
sprintf@f                            cstackCOMRAM 0021
sprintf@fmt                          cstackCOMRAM 001B
sprintf@s                            cstackCOMRAM 001A
stackhi                              (abs)        0000
stacklo                              (abs)        0000
start                                init         0000
start_initialization                 cinit        1FB4
sub_two_numbers@first_number         cstackCOMRAM 003F
sub_two_numbers@second_number        cstackCOMRAM 0040
vfpfcnvrt@ap                         cstackCOMRAM 000D
vfpfcnvrt@c                          cstackCOMRAM 0015
vfpfcnvrt@convarg                    cstackCOMRAM 0011
vfpfcnvrt@cp                         cstackCOMRAM 0010
vfpfcnvrt@done                       cstackCOMRAM 000F
vfpfcnvrt@fmt                        cstackCOMRAM 000C
vfpfcnvrt@fp                         cstackCOMRAM 000B
vfprintf@ap                          cstackCOMRAM 0018
vfprintf@cfmt                        cstackCOMRAM 0019
vfprintf@fmt                         cstackCOMRAM 0017
vfprintf@fp                          cstackCOMRAM 0016


MODULE INFORMATION

Module		Function		Class		Link	Load	Size
MCAL_layer/GPIO/hal_gpio.c
		_gpio_pin_write_logic		CODE           	17A2	0000	272
		_gpio_pin_direction_init		CODE           	167C	0000	294
		_gpio_pin_read_logic		CODE           	1C5E	0000	164

MCAL_layer/GPIO/hal_gpio.c estimated size: 730

ECU_layer/LCD/ecu_lcd.c
		_lcd_8bit_send_enable		CODE           	22CE	0000	62
		_lcd_8bit_send_char_data_pos		CODE           	234A	0000	60
		_lcd_8bit_set_cursor		CODE           	1A54	0000	176
		_convert_uint32_to_string		CODE           	1D02	0000	162
		_lcd_8bit_init 		CODE           	1274	0000	592
		_lcd_8bit_send_string		CODE           	2130	0000	92
		_lcd_8bit_send_command		CODE           	1EC8	0000	118
		_lcd_8bit_send_string_pos		CODE           	223C	0000	76
		_convert_uint8_to_string		CODE           	1DA4	0000	158
		_lcd_8bit_send_char_data		CODE           	1F3E	0000	118

ECU_layer/LCD/ecu_lcd.c estimated size: 1614

C:\Program Files\Microchip\xc8\v2.45\pic\sources\c99\common\lbdiv.c
		___lbdiv       		CODE           	20D4	0000	92

C:\Program Files\Microchip\xc8\v2.45\pic\sources\c99\common\lbdiv.c estimated size: 92

ECU_layer/KEYPAD/ecu_keypad.c
		_keypad_init   		CODE           	1E42	0000	134
		_keypad_get_value		CODE           	18B2	0000	222

ECU_layer/KEYPAD/ecu_keypad.c estimated size: 356

C:\Program Files\Microchip\xc8\v2.45\pic\sources\c99\common\nf_sprintf.c
		_sprintf       		CODE           	2386	0000	52

C:\Program Files\Microchip\xc8\v2.45\pic\sources\c99\common\nf_sprintf.c estimated size: 52

C:\Program Files\Microchip\xc8\v2.45\pic\sources\c99\common\awmod.c
		___awmod       		CODE           	1B04	0000	176

C:\Program Files\Microchip\xc8\v2.45\pic\sources\c99\common\awmod.c estimated size: 176

C:\Program Files\Microchip\xc8\v2.45\pic\sources\c99\common\putch.c
		_putch         		CODE           	245E	0000	2

C:\Program Files\Microchip\xc8\v2.45\pic\sources\c99\common\putch.c estimated size: 2

shared
		_btn_values    		SMALLCONST     	1001	0000	16
		__initialization		CODE           	1FB4	0000	88

shared estimated size: 104

C:\Program Files\Microchip\xc8\v2.45\pic\sources\c99\common\abs.c
		_abs           		CODE           	23BA	0000	52

C:\Program Files\Microchip\xc8\v2.45\pic\sources\c99\common\abs.c estimated size: 52

C:\Program Files\Microchip\xc8\v2.45\pic\sources\c99\common\memset.c
		_memset        		CODE           	23EE	0000	48

C:\Program Files\Microchip\xc8\v2.45\pic\sources\c99\common\memset.c estimated size: 48

application.c
		_sub_two_numbers		CODE           	218C	0000	88
		_main          		CODE           	1016	0000	606
		_div_two_numbers		CODE           	2076	0000	94
		_add_two_numbers		CODE           	2288	0000	70
		_mult_two_numbers		CODE           	21E4	0000	88
		_clear_lcd     		CODE           	2016	0000	96

application.c estimated size: 1042

C:\Program Files\Microchip\xc8\v2.45\pic\sources\c99\common\nf_fputc.c
		_fputc         		CODE           	1BB4	0000	170

C:\Program Files\Microchip\xc8\v2.45\pic\sources\c99\common\nf_fputc.c estimated size: 170

C:\Program Files\Microchip\xc8\v2.45\pic\sources\c99\common\doprnt.c
		_vfpfcnvrt     		CODE           	14C4	0000	440
		_vfprintf      		CODE           	230C	0000	62

C:\Program Files\Microchip\xc8\v2.45\pic\sources\c99\common\doprnt.c estimated size: 502

C:\Program Files\Microchip\xc8\v2.45\pic\sources\c99\common\awdiv.c
		___awdiv       		CODE           	1990	0000	196

C:\Program Files\Microchip\xc8\v2.45\pic\sources\c99\common\awdiv.c estimated size: 196

